W0330 00:55:40.321588 1058780 torch/distributed/run.py:766] 
W0330 00:55:40.321588 1058780 torch/distributed/run.py:766] *****************************************
W0330 00:55:40.321588 1058780 torch/distributed/run.py:766] Setting OMP_NUM_THREADS environment variable for each process to be 1 in default, to avoid your system being overloaded, please further tune the variable for optimal performance in your application as needed. 
W0330 00:55:40.321588 1058780 torch/distributed/run.py:766] *****************************************
Traceback (most recent call last):
  File "/share/0xyj/model3_openpi0.5/openpi-main/.venv/bin/torchrun", line 10, in <module>
    sys.exit(main())
             ^^^^^^
  File "/share/0xyj/model3_openpi0.5/openpi-main/.venv/lib/python3.11/site-packages/torch/distributed/elastic/multiprocessing/errors/__init__.py", line 355, in wrapper
    return f(*args, **kwargs)
           ^^^^^^^^^^^^^^^^^^
  File "/share/0xyj/model3_openpi0.5/openpi-main/.venv/lib/python3.11/site-packages/torch/distributed/run.py", line 892, in main
    run(args)
  File "/share/0xyj/model3_openpi0.5/openpi-main/.venv/lib/python3.11/site-packages/torch/distributed/run.py", line 883, in run
    elastic_launch(
  File "/share/0xyj/model3_openpi0.5/openpi-main/.venv/lib/python3.11/site-packages/torch/distributed/launcher/api.py", line 139, in __call__
    return launch_agent(self._config, self._entrypoint, list(args))
           ^^^^^^^^^^^^^^^^^^^^^^^^^^^^^^^^^^^^^^^^^^^^^^^^^^^^^^^^
  File "/share/0xyj/model3_openpi0.5/openpi-main/.venv/lib/python3.11/site-packages/torch/distributed/launcher/api.py", line 261, in launch_agent
    result = agent.run()
             ^^^^^^^^^^^
  File "/share/0xyj/model3_openpi0.5/openpi-main/.venv/lib/python3.11/site-packages/torch/distributed/elastic/metrics/api.py", line 138, in wrapper
    result = f(*args, **kwargs)
             ^^^^^^^^^^^^^^^^^^
  File "/share/0xyj/model3_openpi0.5/openpi-main/.venv/lib/python3.11/site-packages/torch/distributed/elastic/agent/server/api.py", line 711, in run
    result = self._invoke_run(role)
             ^^^^^^^^^^^^^^^^^^^^^^
  File "/share/0xyj/model3_openpi0.5/openpi-main/.venv/lib/python3.11/site-packages/torch/distributed/elastic/agent/server/api.py", line 864, in _invoke_run
    self._initialize_workers(self._worker_group)
  File "/share/0xyj/model3_openpi0.5/openpi-main/.venv/lib/python3.11/site-packages/torch/distributed/elastic/metrics/api.py", line 138, in wrapper
    result = f(*args, **kwargs)
             ^^^^^^^^^^^^^^^^^^
  File "/share/0xyj/model3_openpi0.5/openpi-main/.venv/lib/python3.11/site-packages/torch/distributed/elastic/agent/server/api.py", line 683, in _initialize_workers
    self._rendezvous(worker_group)
  File "/share/0xyj/model3_openpi0.5/openpi-main/.venv/lib/python3.11/site-packages/torch/distributed/elastic/metrics/api.py", line 138, in wrapper
    result = f(*args, **kwargs)
             ^^^^^^^^^^^^^^^^^^
  File "/share/0xyj/model3_openpi0.5/openpi-main/.venv/lib/python3.11/site-packages/torch/distributed/elastic/agent/server/api.py", line 500, in _rendezvous
    rdzv_info = spec.rdzv_handler.next_rendezvous()
                ^^^^^^^^^^^^^^^^^^^^^^^^^^^^^^^^^^^
  File "/share/0xyj/model3_openpi0.5/openpi-main/.venv/lib/python3.11/site-packages/torch/distributed/elastic/rendezvous/static_tcp_rendezvous.py", line 67, in next_rendezvous
    self._store = TCPStore(  # type: ignore[call-arg]
                  ^^^^^^^^^^^^^^^^^^^^^^^^^^^^^^^^^^^
torch.distributed.DistNetworkError: The server socket has failed to listen on any local network address. port: 29500, useIpv6: false, code: -98, name: EADDRINUSE, message: address already in use
