W0413 14:07:36.816217 35956 torch/distributed/run.py:766] 
W0413 14:07:36.816217 35956 torch/distributed/run.py:766] *****************************************
W0413 14:07:36.816217 35956 torch/distributed/run.py:766] Setting OMP_NUM_THREADS environment variable for each process to be 1 in default, to avoid your system being overloaded, please further tune the variable for optimal performance in your application as needed. 
W0413 14:07:36.816217 35956 torch/distributed/run.py:766] *****************************************
[PATCH] lerobot_dataset 已修复：支持旧版数据路径格式
[PATCH] lerobot_dataset 已修复：支持旧版数据路径格式
[INFO] 从 stats.json 加载了 12 个 norm_stats
[INFO] 从 stats.json 加载了 12 个 norm_stats
[PATCH] transform_dataset 已修复：支持从 stats.json 加载 norm_stats
[PATCH] transform_dataset 已修复：支持从 stats.json 加载 norm_stats
[INFO] 已注册自定义配置: pi0_dual_arm_16d
[INFO] 已注册自定义配置: pi0_dual_arm_16d
14:07:52.699 [I] Overwriting checkpoint directory: /share/0xyj/model3_openpi0.5/openpi-main/checkpoints/pi0_dual_arm_16d/dual_arm_16d_v1 (36050:<string>:334)
14:07:52.702 [I] Created experiment checkpoint directory: /share/0xyj/model3_openpi0.5/openpi-main/checkpoints/pi0_dual_arm_16d/dual_arm_16d_v1 (36050:<string>:341)
14:07:52.750 [I] Overwriting checkpoint directory: /share/0xyj/model3_openpi0.5/openpi-main/checkpoints/pi0_dual_arm_16d/dual_arm_16d_v1 (36051:<string>:334)
14:07:52.753 [I] Created experiment checkpoint directory: /share/0xyj/model3_openpi0.5/openpi-main/checkpoints/pi0_dual_arm_16d/dual_arm_16d_v1 (36051:<string>:341)
14:07:52.753 [I] Using batch size per GPU: 0 (total batch size across 2 GPUs: 1)                  (36051:<string>:355)
14:07:52.820 [I] Norm stats not found in /share/0xyj/model3_openpi0.5/openpi-main/assets/pi0_dual_arm_16d/local/dual_arm_16d, skipping. (36051:config.py:200)
14:07:52.820 [I] data_config: DataConfig(repo_id='local/dual_arm_16d', asset_id='local/dual_arm_16d', norm_stats=None, repack_transforms=Group(inputs=[RepackTransform(structure={'images': {'cam_high': 'observation.images.cam_high', 'cam_left_wrist': 'observation.images.cam_left_wrist', 'cam_right_wrist': 'observation.images.cam_right_wrist'}, 'state': 'observation.state', 'actions': 'action'})], outputs=[]), data_transforms=Group(inputs=(MyRobotInputs(image_keys=('cam_high', 'cam_left_wrist', 'cam_right_wrist')), DeltaActions(mask=(True, True, True, True, True, True, True, True, True, True, True, True, True, True, False))), outputs=(AbsoluteActions(mask=(True, True, True, True, True, True, True, True, True, True, True, True, True, True, False)), MyRobotOutputs())), model_transforms=Group(inputs=[InjectDefaultPrompt(prompt='dual arm pick and place task'), ResizeImages(height=224, width=224), TokenizePrompt(tokenizer=<openpi.models.tokenizer.PaligemmaTokenizer object at 0x7ff5bf7b0390>, discrete_state_input=False), PadStatesAndActions(model_action_dim=32)], outputs=()), use_quantile_norm=False, action_sequence_keys=('action',), prompt_from_task=False, rlds_data_dir=None, action_space=None, datasets=()) (36051:data_loader.py:296)
14:07:52.822 [W] 
The dataset you requested (local/dual_arm_16d) is in 3.0 format.
While current version of LeRobot is backward-compatible with it, the version of your dataset still uses global
stats instead of per-episode stats. Update your dataset stats to the new format using this command:
```
python lerobot/common/datasets/v21/convert_dataset_v20_to_v21.py --repo-id=local/dual_arm_16d
```

If you encounter a problem, contact LeRobot maintainers on [Discord](https://discord.com/invite/s3KuuzsPFb)
or open an [issue on GitHub](https://github.com/huggingface/lerobot/issues/new/choose).
 (36051:utils.py:303)
14:07:52.828 [W] 
The dataset you requested (local/dual_arm_16d) is in 3.0 format.
While current version of LeRobot is backward-compatible with it, the version of your dataset still uses global
stats instead of per-episode stats. Update your dataset stats to the new format using this command:
```
python lerobot/common/datasets/v21/convert_dataset_v20_to_v21.py --repo-id=local/dual_arm_16d
```

If you encounter a problem, contact LeRobot maintainers on [Discord](https://discord.com/invite/s3KuuzsPFb)
or open an [issue on GitHub](https://github.com/huggingface/lerobot/issues/new/choose).
 (36051:utils.py:303)
wandb: [wandb.login()] Loaded credentials for https://api.wandb.ai from WANDB_API_KEY.
wandb: Currently logged in as: 1459076239 (1459076239-111) to https://api.wandb.ai. Use `wandb login --relogin` to force relogin
/share/0xyj/model3_openpi0.5/openpi-main/.venv/lib/python3.11/site-packages/lerobot/common/datasets/lerobot_dataset.py:508: UserWarning: To copy construct from a tensor, it is recommended to use sourceTensor.detach().clone() or sourceTensor.detach().clone().requires_grad_(True), rather than torch.tensor(sourceTensor).
  timestamps = torch.tensor(self.hf_dataset.data["timestamp"].to_pylist()) if hasattr(self.hf_dataset.data, "timestamp") else torch.stack([torch.tensor(x) for x in self.hf_dataset["timestamp"]]).numpy()
14:07:55.486 [I] local_batch_size: 0                                                              (36051:data_loader.py:377)
wandb: setting up run lu12cgbb
INFO:2026-04-13 14:07:56,125:jax._src.xla_bridge:925: Unable to initialize backend 'rocm': module 'jaxlib.xla_extension' has no attribute 'GpuAllocatorConfig'
14:07:56.125 [I] Unable to initialize backend 'rocm': module 'jaxlib.xla_extension' has no attribute 'GpuAllocatorConfig' (36051:xla_bridge.py:925)
INFO:2026-04-13 14:07:56,137:jax._src.xla_bridge:925: Unable to initialize backend 'tpu': INTERNAL: Failed to open libtpu.so: libtpu.so: cannot open shared object file: No such file or directory
14:07:56.137 [I] Unable to initialize backend 'tpu': INTERNAL: Failed to open libtpu.so: libtpu.so: cannot open shared object file: No such file or directory (36051:xla_bridge.py:925)
[rank1]: Traceback (most recent call last):
[rank1]:   File "/share/0xyj/model3_openpi0.5/openpi-main/train_wrapper.py", line 118, in <module>
[rank1]:     exec(open(_original_script).read())
[rank1]:   File "<string>", line 660, in <module>
[rank1]:   File "<string>", line 656, in main
[rank1]:   File "<string>", line 360, in train_loop
[rank1]:   File "<string>", line 128, in build_datasets
[rank1]:   File "/share/0xyj/model3_openpi0.5/openpi-main/src/openpi/training/data_loader.py", line 309, in create_data_loader
[rank1]:     return create_torch_data_loader(
[rank1]:            ^^^^^^^^^^^^^^^^^^^^^^^^^
[rank1]:   File "/share/0xyj/model3_openpi0.5/openpi-main/src/openpi/training/data_loader.py", line 378, in create_torch_data_loader
[rank1]:     data_loader = TorchDataLoader(
[rank1]:                   ^^^^^^^^^^^^^^^^
[rank1]:   File "/share/0xyj/model3_openpi0.5/openpi-main/src/openpi/training/data_loader.py", line 487, in __init__
[rank1]:     self._data_loader = torch.utils.data.DataLoader(
[rank1]:                         ^^^^^^^^^^^^^^^^^^^^^^^^^^^^
[rank1]:   File "/share/0xyj/model3_openpi0.5/openpi-main/.venv/lib/python3.11/site-packages/torch/utils/data/dataloader.py", line 391, in __init__
[rank1]:     batch_sampler = BatchSampler(sampler, batch_size, drop_last)
[rank1]:                     ^^^^^^^^^^^^^^^^^^^^^^^^^^^^^^^^^^^^^^^^^^^^
[rank1]:   File "/share/0xyj/model3_openpi0.5/openpi-main/.venv/lib/python3.11/site-packages/torch/utils/data/sampler.py", line 315, in __init__
[rank1]:     raise ValueError(
[rank1]: ValueError: batch_size should be a positive integer value, but got batch_size=0
wandb: Tracking run with wandb version 0.25.1
wandb: Run data is saved locally in /share/0xyj/model3_openpi0.5/my_pi0_training/wandb/run-20260413_140754-lu12cgbb
wandb: Run `wandb offline` to turn off syncing.
wandb: Syncing run dual_arm_16d_v1
wandb: ⭐️ View project at https://wandb.ai/1459076239-111/openpi
wandb: 🚀 View run at https://wandb.ai/1459076239-111/openpi/runs/lu12cgbb
14:07:57.073 [I] Using batch size per GPU: 0 (total batch size across 2 GPUs: 1)                  (36050:<string>:355)
14:07:57.140 [I] Norm stats not found in /share/0xyj/model3_openpi0.5/openpi-main/assets/pi0_dual_arm_16d/local/dual_arm_16d, skipping. (36050:config.py:200)
14:07:57.141 [I] data_config: DataConfig(repo_id='local/dual_arm_16d', asset_id='local/dual_arm_16d', norm_stats=None, repack_transforms=Group(inputs=[RepackTransform(structure={'images': {'cam_high': 'observation.images.cam_high', 'cam_left_wrist': 'observation.images.cam_left_wrist', 'cam_right_wrist': 'observation.images.cam_right_wrist'}, 'state': 'observation.state', 'actions': 'action'})], outputs=[]), data_transforms=Group(inputs=(MyRobotInputs(image_keys=('cam_high', 'cam_left_wrist', 'cam_right_wrist')), DeltaActions(mask=(True, True, True, True, True, True, True, True, True, True, True, True, True, True, False))), outputs=(AbsoluteActions(mask=(True, True, True, True, True, True, True, True, True, True, True, True, True, True, False)), MyRobotOutputs())), model_transforms=Group(inputs=[InjectDefaultPrompt(prompt='dual arm pick and place task'), ResizeImages(height=224, width=224), TokenizePrompt(tokenizer=<openpi.models.tokenizer.PaligemmaTokenizer object at 0x7fd777c6b8d0>, discrete_state_input=False), PadStatesAndActions(model_action_dim=32)], outputs=()), use_quantile_norm=False, action_sequence_keys=('action',), prompt_from_task=False, rlds_data_dir=None, action_space=None, datasets=()) (36050:data_loader.py:296)
14:07:57.142 [W] 
The dataset you requested (local/dual_arm_16d) is in 3.0 format.
While current version of LeRobot is backward-compatible with it, the version of your dataset still uses global
stats instead of per-episode stats. Update your dataset stats to the new format using this command:
```
python lerobot/common/datasets/v21/convert_dataset_v20_to_v21.py --repo-id=local/dual_arm_16d
```

If you encounter a problem, contact LeRobot maintainers on [Discord](https://discord.com/invite/s3KuuzsPFb)
or open an [issue on GitHub](https://github.com/huggingface/lerobot/issues/new/choose).
 (36050:utils.py:303)
14:07:57.148 [W] 
The dataset you requested (local/dual_arm_16d) is in 3.0 format.
While current version of LeRobot is backward-compatible with it, the version of your dataset still uses global
stats instead of per-episode stats. Update your dataset stats to the new format using this command:
```
python lerobot/common/datasets/v21/convert_dataset_v20_to_v21.py --repo-id=local/dual_arm_16d
```

If you encounter a problem, contact LeRobot maintainers on [Discord](https://discord.com/invite/s3KuuzsPFb)
or open an [issue on GitHub](https://github.com/huggingface/lerobot/issues/new/choose).
 (36050:utils.py:303)
W0413 14:07:57.371805 35956 torch/distributed/elastic/multiprocessing/api.py:900] Sending process 36050 closing signal SIGTERM
E0413 14:07:57.586157 35956 torch/distributed/elastic/multiprocessing/api.py:874] failed (exitcode: 1) local_rank: 1 (pid: 36051) of binary: /share/0xyj/model3_openpi0.5/openpi-main/.venv/bin/python3
Traceback (most recent call last):
  File "/share/0xyj/model3_openpi0.5/openpi-main/.venv/bin/torchrun", line 10, in <module>
    sys.exit(main())
             ^^^^^^
  File "/share/0xyj/model3_openpi0.5/openpi-main/.venv/lib/python3.11/site-packages/torch/distributed/elastic/multiprocessing/errors/__init__.py", line 355, in wrapper
    return f(*args, **kwargs)
           ^^^^^^^^^^^^^^^^^^
  File "/share/0xyj/model3_openpi0.5/openpi-main/.venv/lib/python3.11/site-packages/torch/distributed/run.py", line 892, in main
    run(args)
  File "/share/0xyj/model3_openpi0.5/openpi-main/.venv/lib/python3.11/site-packages/torch/distributed/run.py", line 883, in run
    elastic_launch(
  File "/share/0xyj/model3_openpi0.5/openpi-main/.venv/lib/python3.11/site-packages/torch/distributed/launcher/api.py", line 139, in __call__
    return launch_agent(self._config, self._entrypoint, list(args))
           ^^^^^^^^^^^^^^^^^^^^^^^^^^^^^^^^^^^^^^^^^^^^^^^^^^^^^^^^
  File "/share/0xyj/model3_openpi0.5/openpi-main/.venv/lib/python3.11/site-packages/torch/distributed/launcher/api.py", line 270, in launch_agent
    raise ChildFailedError(
torch.distributed.elastic.multiprocessing.errors.ChildFailedError: 
============================================================
/share/0xyj/model3_openpi0.5/openpi-main/train_wrapper.py FAILED
------------------------------------------------------------
Failures:
  <NO_OTHER_FAILURES>
------------------------------------------------------------
Root Cause (first observed failure):
[0]:
  time      : 2026-04-13_14:07:57
  host      : aibox-r856a9e5fed8-c686cc64b-vh57t
  rank      : 1 (local_rank: 1)
  exitcode  : 1 (pid: 36051)
  error_file: <N/A>
  traceback : To enable traceback see: https://pytorch.org/docs/stable/elastic/errors.html
============================================================
