W0329 22:55:00.353422 3970223 torch/distributed/run.py:766] 
W0329 22:55:00.353422 3970223 torch/distributed/run.py:766] *****************************************
W0329 22:55:00.353422 3970223 torch/distributed/run.py:766] Setting OMP_NUM_THREADS environment variable for each process to be 1 in default, to avoid your system being overloaded, please further tune the variable for optimal performance in your application as needed. 
W0329 22:55:00.353422 3970223 torch/distributed/run.py:766] *****************************************
[PATCH] 已 patch get_safe_version（离线模式）
[PATCH] 已在类级别 patch get_data_file_path + get_video_file_path
[PATCH] 已 patch load_metadata（跳过慢速 episodes_stats）
[PATCH] patches applied: 本地数据集 + datasets4.x兼容 + 跳过时间戳检查 + pyav 视频后端 + 离线HF
[PATCH] 已 patch get_safe_version（离线模式）
[PATCH] 已在类级别 patch get_data_file_path + get_video_file_path
[PATCH] 已 patch load_metadata（跳过慢速 episodes_stats）
[PATCH] patches applied: 本地数据集 + datasets4.x兼容 + 跳过时间戳检查 + pyav 视频后端 + 离线HF
[INFO] 已注册配置: ['pi0_right_arm_pytorch']
[INFO] 已注册配置: ['pi0_right_arm_pytorch']
22:55:17.134 [I] ===== Pi0 右臂抓取训练启动 ===== (train.py:614)
22:55:17.134 [I] Config: pi0_right_arm_pytorch (train.py:615)
22:55:17.134 [I] Exp: right_arm_box_pick_v1 (train.py:616)
22:55:17.136 [I] Checkpoint dir: /share/0xyj/model3_openpi0.5/openpi-main/checkpoints/pi0_right_arm_pytorch/right_arm_box_pick_v1 (train.py:617)
22:55:17.139 [I] ===== Pi0 右臂抓取训练启动 ===== (train.py:614)
22:55:17.139 [I] Config: pi0_right_arm_pytorch (train.py:615)
22:55:17.139 [I] Exp: right_arm_box_pick_v1 (train.py:616)
22:55:17.139 [I] Checkpoint dir: /share/0xyj/model3_openpi0.5/openpi-main/checkpoints/pi0_right_arm_pytorch/right_arm_box_pick_v1 (train.py:617)
22:55:17.331 [I] GPU 0: NVIDIA A800-SXM4-80GB (85.2GB) (train.py:620)
22:55:17.331 [I] GPU 1: NVIDIA A800-SXM4-80GB (85.2GB) (train.py:620)
22:55:17.331 [I] GPU 0: NVIDIA A800-SXM4-80GB (85.2GB) (train.py:620)
22:55:17.331 [I] GPU 1: NVIDIA A800-SXM4-80GB (85.2GB) (train.py:620)
22:55:17.416 [I] Loaded norm stats from /share/0xyj/model3_openpi0.5/openpi-main/assets/pi0_right_arm_pytorch/local/right_arm_box_pick (config.py:196)
22:55:17.417 [I] 本地数据集: local/right_arm_box_pick -> /share/0xyj/model3_openpi0.5/lerobot_dataset (train.py:443)
22:55:17.514 [I] Loaded norm stats from /share/0xyj/model3_openpi0.5/openpi-main/assets/pi0_right_arm_pytorch/local/right_arm_box_pick (config.py:196)
wandb: [wandb.login()] Loaded credentials for https://api.wandb.ai from WANDB_API_KEY.
22:55:17.585 [I] Loaded norm stats from /share/0xyj/model3_openpi0.5/openpi-main/assets/pi0_right_arm_pytorch/local/right_arm_box_pick (config.py:196)
22:55:17.586 [I] data_config: DataConfig(repo_id='local/right_arm_box_pick', asset_id='local/right_arm_box_pick', norm_stats={'state': NormStats(mean=array([ 1.27326596,  0.65767813, -1.25116122, -1.47907686, -0.3908022 ,
        0.74543566,  1.45302522,  0.32803413]), std=array([0.12190208, 0.21362343, 0.14658208, 0.21861626, 0.15475415,
       0.22495042, 0.15097259, 0.46948007]), q01=array([ 0.9790197 ,  0.13417393, -1.68204713, -1.795874  , -0.8020224 ,
       -0.02736851,  1.15285814,  0.        ]), q99=array([ 1.55023646,  1.01356506, -0.94732982, -0.77460158, -0.06457369,
        1.11265612,  1.76629055,  1.        ])), 'actions': NormStats(mean=array([-8.35342416e-06,  9.02039847e-06,  7.00588425e-05, -5.74508049e-05,
       -7.40017713e-05,  7.57096641e-05,  7.56182417e-05,  0.00000000e+00]), std=array([0.00387518, 0.00505277, 0.00293895, 0.0059589 , 0.00305642,
       0.00482239, 0.00425592, 0.07019126]), q01=array([-0.01003401, -0.0127933 , -0.0077318 , -0.01968556, -0.00734782,
       -0.01521927, -0.01120507,  0.        ]), q99=array([0.01245817, 0.01644099, 0.01036553, 0.01530305, 0.01136033,
       0.016249  , 0.01362925, 0.        ]))}, repack_transforms=Group(inputs=[RepackTransform(structure={'images': {'cam_high': 'observation.images.cam_high', 'cam_right_wrist': 'observation.images.cam_right_wrist', 'cam_left_wrist': 'observation.images.cam_left_wrist'}, 'state': 'observation.state', 'actions': 'action'})], outputs=[]), data_transforms=Group(inputs=(MyRobotInputs(image_keys=('cam_high', 'cam_right_wrist', 'cam_left_wrist')), DeltaActions(mask=(True, True, True, True, True, True, True, False))), outputs=(AbsoluteActions(mask=(True, True, True, True, True, True, True, False)), MyRobotOutputs())), model_transforms=Group(inputs=[InjectDefaultPrompt(prompt='the right arm picks up the box and places it back to its original position'), ResizeImages(height=224, width=224), TokenizePrompt(tokenizer=<openpi.models.tokenizer.PaligemmaTokenizer object at 0x7f0632b0d9d0>, discrete_state_input=False), PadStatesAndActions(model_action_dim=32)], outputs=()), use_quantile_norm=False, action_sequence_keys=('action',), prompt_from_task=False, rlds_data_dir=None, action_space=None, datasets=()) (data_loader.py:243)
[PATCH] 使用本地数据集: /share/0xyj/model3_openpi0.5/lerobot_dataset
[PATCH] 已 patch load_metadata: 86 episodes，跳过 episodes_stats 读取
22:55:19.571 [I] local_batch_size: 8 (data_loader.py:324)
wandb: Currently logged in as: 1459076239 (1459076239-111) to https://api.wandb.ai. Use `wandb login --relogin` to force relogin
wandb: setting up run a0odw977
wandb: Tracking run with wandb version 0.25.1
wandb: Run data is saved locally in /share/0xyj/model3_openpi0.5/openpi-main/wandb/run-20260329_225519-a0odw977
wandb: Run `wandb offline` to turn off syncing.
wandb: Syncing run right_arm_box_pick_v1
wandb: ⭐️ View project at https://wandb.ai/1459076239-111/pi0_right_arm
wandb: 🚀 View run at https://wandb.ai/1459076239-111/pi0_right_arm/runs/a0odw977
22:55:22.707 [I] WandB run: https://wandb.ai/1459076239-111/pi0_right_arm/runs/a0odw977 (train.py:337)
22:55:22.777 [I] Loaded norm stats from /share/0xyj/model3_openpi0.5/openpi-main/assets/pi0_right_arm_pytorch/local/right_arm_box_pick (config.py:196)
22:55:22.779 [I] data_config: DataConfig(repo_id='local/right_arm_box_pick', asset_id='local/right_arm_box_pick', norm_stats={'state': NormStats(mean=array([ 1.27326596,  0.65767813, -1.25116122, -1.47907686, -0.3908022 ,
        0.74543566,  1.45302522,  0.32803413]), std=array([0.12190208, 0.21362343, 0.14658208, 0.21861626, 0.15475415,
       0.22495042, 0.15097259, 0.46948007]), q01=array([ 0.9790197 ,  0.13417393, -1.68204713, -1.795874  , -0.8020224 ,
       -0.02736851,  1.15285814,  0.        ]), q99=array([ 1.55023646,  1.01356506, -0.94732982, -0.77460158, -0.06457369,
        1.11265612,  1.76629055,  1.        ])), 'actions': NormStats(mean=array([-8.35342416e-06,  9.02039847e-06,  7.00588425e-05, -5.74508049e-05,
       -7.40017713e-05,  7.57096641e-05,  7.56182417e-05,  0.00000000e+00]), std=array([0.00387518, 0.00505277, 0.00293895, 0.0059589 , 0.00305642,
       0.00482239, 0.00425592, 0.07019126]), q01=array([-0.01003401, -0.0127933 , -0.0077318 , -0.01968556, -0.00734782,
       -0.01521927, -0.01120507,  0.        ]), q99=array([0.01245817, 0.01644099, 0.01036553, 0.01530305, 0.01136033,
       0.016249  , 0.01362925, 0.        ]))}, repack_transforms=Group(inputs=[RepackTransform(structure={'images': {'cam_high': 'observation.images.cam_high', 'cam_right_wrist': 'observation.images.cam_right_wrist', 'cam_left_wrist': 'observation.images.cam_left_wrist'}, 'state': 'observation.state', 'actions': 'action'})], outputs=[]), data_transforms=Group(inputs=(MyRobotInputs(image_keys=('cam_high', 'cam_right_wrist', 'cam_left_wrist')), DeltaActions(mask=(True, True, True, True, True, True, True, False))), outputs=(AbsoluteActions(mask=(True, True, True, True, True, True, True, False)), MyRobotOutputs())), model_transforms=Group(inputs=[InjectDefaultPrompt(prompt='the right arm picks up the box and places it back to its original position'), ResizeImages(height=224, width=224), TokenizePrompt(tokenizer=<openpi.models.tokenizer.PaligemmaTokenizer object at 0x7f8da4dfdfd0>, discrete_state_input=False), PadStatesAndActions(model_action_dim=32)], outputs=()), use_quantile_norm=False, action_sequence_keys=('action',), prompt_from_task=False, rlds_data_dir=None, action_space=None, datasets=()) (data_loader.py:243)
[PATCH] 使用本地数据集: /share/0xyj/model3_openpi0.5/lerobot_dataset
[PATCH] 已 patch load_metadata: 86 episodes，跳过 episodes_stats 读取
22:55:24.721 [I] local_batch_size: 8 (data_loader.py:324)
22:56:23.637 [I] Gradient checkpointing disabled (sufficient VRAM) (train.py:488)
22:56:26.415 [I] Gradient checkpointing disabled (sufficient VRAM) (train.py:488)
22:56:27.038 [I] Loading weights: /share/0xyj/model3_openpi0.5/pi0_base/model.safetensors (train.py:499)
22:56:27.038 [I] Loading weights: /share/0xyj/model3_openpi0.5/pi0_base/model.safetensors (train.py:499)
22:56:32.828 [I] Weights loaded: 3.50B params (train.py:502)
22:56:32.866 [I] Weights loaded: 3.50B params (train.py:502)
22:56:32.870 [I] Host: aibox-rbb2050829b6-9df9dc7db-wz6vj (train.py:529)
22:56:32.870 [I] GPU: NVIDIA A800-SXM4-80GB (85.2GB) (train.py:533)
22:56:32.871 [I] num_train_steps=50000, batch_size=16 (train.py:534)
22:56:32.871 [I] warmup=500, peak_lr=5.00e-05, decay=50000 (train.py:535)
22:56:32.871 [I] save_interval=1000, keep_period=5000 (train.py:536)
22:56:32.871 [I] WandB enabled: True (train.py:537)
Training:   0%|          | 0/50000 [00:00<?, ?it/s]/share/0xyj/model3_openpi0.5/openpi-main/.venv/lib/python3.11/site-packages/torchvision/io/_video_deprecation_warning.py:5: UserWarning: The video decoding and encoding capabilities of torchvision are deprecated from version 0.22 and will be removed in version 0.24. We recommend that you migrate to TorchCodec, where we'll consolidate the future decoding/encoding capabilities of PyTorch: https://github.com/pytorch/torchcodec
  warnings.warn(
/share/0xyj/model3_openpi0.5/openpi-main/.venv/lib/python3.11/site-packages/torchvision/io/_video_deprecation_warning.py:5: UserWarning: The video decoding and encoding capabilities of torchvision are deprecated from version 0.22 and will be removed in version 0.24. We recommend that you migrate to TorchCodec, where we'll consolidate the future decoding/encoding capabilities of PyTorch: https://github.com/pytorch/torchcodec
  warnings.warn(
/share/0xyj/model3_openpi0.5/openpi-main/.venv/lib/python3.11/site-packages/torchvision/io/_video_deprecation_warning.py:5: UserWarning: The video decoding and encoding capabilities of torchvision are deprecated from version 0.22 and will be removed in version 0.24. We recommend that you migrate to TorchCodec, where we'll consolidate the future decoding/encoding capabilities of PyTorch: https://github.com/pytorch/torchcodec
  warnings.warn(
/share/0xyj/model3_openpi0.5/openpi-main/.venv/lib/python3.11/site-packages/torchvision/io/_video_deprecation_warning.py:5: UserWarning: The video decoding and encoding capabilities of torchvision are deprecated from version 0.22 and will be removed in version 0.24. We recommend that you migrate to TorchCodec, where we'll consolidate the future decoding/encoding capabilities of PyTorch: https://github.com/pytorch/torchcodec
  warnings.warn(
