[PATCH] 已 patch get_safe_version（离线模式）
[PATCH] 已在类级别 patch get_data_file_path + get_video_file_path
[PATCH] 已 patch load_metadata（跳过慢速 episodes_stats）
[PATCH] patches applied: 本地数据集 + datasets4.x兼容 + 跳过时间戳检查 + pyav 视频后端 + 离线HF
[INFO] 已注册配置: ['pi0_right_arm_pytorch']
22:05:18.046 [I] ===== Pi0 右臂抓取训练启动 ===== (train.py:612)
22:05:18.046 [I] Config: pi0_right_arm_pytorch (train.py:613)
22:05:18.046 [I] Exp: right_arm_box_pick_v1 (train.py:614)
22:05:18.046 [I] Checkpoint dir: /share/0xyj/model3_openpi0.5/openpi-main/checkpoints/pi0_right_arm_pytorch/right_arm_box_pick_v1 (train.py:615)
22:05:18.121 [I] GPU 0: NVIDIA A800-SXM4-80GB (85.2GB) (train.py:618)
22:05:18.121 [I] GPU 1: NVIDIA A800-SXM4-80GB (85.2GB) (train.py:618)
22:05:18.208 [I] Loaded norm stats from /share/0xyj/model3_openpi0.5/openpi-main/assets/pi0_right_arm_pytorch/local/right_arm_box_pick (config.py:196)
22:05:18.208 [I] 本地数据集: local/right_arm_box_pick -> /share/0xyj/model3_openpi0.5/lerobot_dataset (train.py:443)
wandb: [wandb.login()] Loaded credentials for https://api.wandb.ai from WANDB_API_KEY.
wandb: Currently logged in as: 1459076239 (1459076239-111) to https://api.wandb.ai. Use `wandb login --relogin` to force relogin
wandb: setting up run l342ii41
wandb: Tracking run with wandb version 0.25.1
wandb: Run data is saved locally in /share/0xyj/model3_openpi0.5/openpi-main/wandb/run-20260329_220521-l342ii41
wandb: Run `wandb offline` to turn off syncing.
wandb: Syncing run right_arm_box_pick_v1
wandb: ⭐️ View project at https://wandb.ai/1459076239-111/pi0_right_arm
wandb: 🚀 View run at https://wandb.ai/1459076239-111/pi0_right_arm/runs/l342ii41
22:05:26.841 [I] WandB run: https://wandb.ai/1459076239-111/pi0_right_arm/runs/l342ii41 (train.py:337)
22:05:26.918 [I] Loaded norm stats from /share/0xyj/model3_openpi0.5/openpi-main/assets/pi0_right_arm_pytorch/local/right_arm_box_pick (config.py:196)
22:05:26.920 [I] data_config: DataConfig(repo_id='local/right_arm_box_pick', asset_id='local/right_arm_box_pick', norm_stats={'state': NormStats(mean=array([ 1.27326596,  0.65767813, -1.25116122, -1.47907686, -0.3908022 ,
        0.74543566,  1.45302522,  0.32803413]), std=array([0.12190208, 0.21362343, 0.14658208, 0.21861626, 0.15475415,
       0.22495042, 0.15097259, 0.46948007]), q01=array([ 0.9790197 ,  0.13417393, -1.68204713, -1.795874  , -0.8020224 ,
       -0.02736851,  1.15285814,  0.        ]), q99=array([ 1.55023646,  1.01356506, -0.94732982, -0.77460158, -0.06457369,
        1.11265612,  1.76629055,  1.        ])), 'actions': NormStats(mean=array([-8.35342416e-06,  9.02039847e-06,  7.00588425e-05, -5.74508049e-05,
       -7.40017713e-05,  7.57096641e-05,  7.56182417e-05,  0.00000000e+00]), std=array([0.00387518, 0.00505277, 0.00293895, 0.0059589 , 0.00305642,
       0.00482239, 0.00425592, 0.07019126]), q01=array([-0.01003401, -0.0127933 , -0.0077318 , -0.01968556, -0.00734782,
       -0.01521927, -0.01120507,  0.        ]), q99=array([0.01245817, 0.01644099, 0.01036553, 0.01530305, 0.01136033,
       0.016249  , 0.01362925, 0.        ]))}, repack_transforms=Group(inputs=[RepackTransform(structure={'images': {'cam_high': 'observation.images.cam_high', 'cam_right_wrist': 'observation.images.cam_right_wrist', 'cam_left_wrist': 'observation.images.cam_left_wrist'}, 'state': 'observation.state', 'actions': 'action'})], outputs=[]), data_transforms=Group(inputs=(MyRobotInputs(image_keys=('cam_high', 'cam_right_wrist', 'cam_left_wrist')), DeltaActions(mask=(True, True, True, True, True, True, True, False))), outputs=(AbsoluteActions(mask=(True, True, True, True, True, True, True, False)), MyRobotOutputs())), model_transforms=Group(inputs=[InjectDefaultPrompt(prompt='the right arm picks up the box and places it back to its original position'), ResizeImages(height=224, width=224), TokenizePrompt(tokenizer=<openpi.models.tokenizer.PaligemmaTokenizer object at 0x7f6b28152f10>, discrete_state_input=False), PadStatesAndActions(model_action_dim=32)], outputs=()), use_quantile_norm=False, action_sequence_keys=('action',), prompt_from_task=False, rlds_data_dir=None, action_space=None, datasets=()) (data_loader.py:243)
[PATCH] 使用本地数据集: /share/0xyj/model3_openpi0.5/lerobot_dataset
[PATCH] 已 patch load_metadata: 86 episodes，跳过 episodes_stats 读取
22:05:28.138 [I] local_batch_size: 8 (data_loader.py:324)
22:06:30.342 [I] Enabled gradient checkpointing for PI0Pytorch model (pi0_pytorch.py:134)
22:06:30.342 [I] Gradient checkpointing enabled (train.py:486)
22:06:30.342 [I] Loading weights: /share/0xyj/model3_openpi0.5/pi0_base/model.safetensors (train.py:497)
22:06:32.908 [I] Weights loaded: 3.50B params (train.py:500)
22:06:32.913 [I] Host: aibox-rbb2050829b6-9df9dc7db-wz6vj (train.py:527)
22:06:32.913 [I] GPU: NVIDIA A800-SXM4-80GB (85.2GB) (train.py:531)
22:06:32.913 [I] num_train_steps=50000, batch_size=8 (train.py:532)
22:06:32.913 [I] warmup=500, peak_lr=5.00e-05, decay=50000 (train.py:533)
22:06:32.913 [I] save_interval=2000, keep_period=10000 (train.py:534)
22:06:32.914 [I] WandB enabled: True (train.py:535)
Training:   0%|          | 0/50000 [00:00<?, ?it/s]/share/0xyj/model3_openpi0.5/openpi-main/.venv/lib/python3.11/site-packages/torchvision/io/_video_deprecation_warning.py:5: UserWarning: The video decoding and encoding capabilities of torchvision are deprecated from version 0.22 and will be removed in version 0.24. We recommend that you migrate to TorchCodec, where we'll consolidate the future decoding/encoding capabilities of PyTorch: https://github.com/pytorch/torchcodec
  warnings.warn(
/share/0xyj/model3_openpi0.5/openpi-main/.venv/lib/python3.11/site-packages/torchvision/io/_video_deprecation_warning.py:5: UserWarning: The video decoding and encoding capabilities of torchvision are deprecated from version 0.22 and will be removed in version 0.24. We recommend that you migrate to TorchCodec, where we'll consolidate the future decoding/encoding capabilities of PyTorch: https://github.com/pytorch/torchcodec
  warnings.warn(
22:07:16.884 [I] step=0/50000 loss=286.2559 lr=9.98e-08 grad_norm=250.27 elapsed=44.0s (train.py:579)
Training:   0%|          | 1/50000 [00:43<610:38:49, 43.97s/it]Training:   0%|          | 1/50000 [00:43<610:38:49, 43.97s/it, loss=286.2559, lr=9.98e-08]Training:   0%|          | 2/50000 [00:45<261:14:30, 18.81s/it, loss=286.2559, lr=9.98e-08]Training:   0%|          | 2/50000 [00:45<261:14:30, 18.81s/it, loss=285.6859, lr=9.98e-08]Training:   0%|          | 3/50000 [00:51<183:37:54, 13.22s/it, loss=285.6859, lr=9.98e-08]Training:   0%|          | 3/50000 [00:51<183:37:54, 13.22s/it, loss=285.8336, lr=2.00e-07]Training:   0%|          | 4/50000 [00:54<117:45:28,  8.48s/it, loss=285.8336, lr=2.00e-07]Training:   0%|          | 4/50000 [00:54<117:45:28,  8.48s/it, loss=99.1567, lr=2.99e-07] Training:   0%|          | 5/50000 [01:04<121:39:19,  8.76s/it, loss=99.1567, lr=2.99e-07]Training:   0%|          | 5/50000 [01:04<121:39:19,  8.76s/it, loss=140.3648, lr=3.99e-07]