[PATCH] 已 patch get_safe_version（离线模式）
[PATCH] 已 patch load_metadata（跳过慢速 episodes_stats）
[PATCH] patches applied: 本地数据集 + datasets4.x兼容 + 跳过时间戳检查 + pyav 视频后端 + 离线HF
[INFO] 已注册配置: ['pi0_right_arm_pytorch']
21:47:50.169 [I] ===== Pi0 右臂抓取训练启动 ===== (train.py:591)
21:47:50.169 [I] Config: pi0_right_arm_pytorch (train.py:592)
21:47:50.169 [I] Exp: right_arm_box_pick_v1 (train.py:593)
21:47:50.171 [I] Checkpoint dir: /share/0xyj/model3_openpi0.5/openpi-main/checkpoints/pi0_right_arm_pytorch/right_arm_box_pick_v1 (train.py:594)
21:47:50.304 [I] GPU 0: NVIDIA A800-SXM4-80GB (85.2GB) (train.py:597)
21:47:50.304 [I] GPU 1: NVIDIA A800-SXM4-80GB (85.2GB) (train.py:597)
21:47:50.384 [I] Loaded norm stats from /share/0xyj/model3_openpi0.5/openpi-main/assets/pi0_right_arm_pytorch/local/right_arm_box_pick (config.py:196)
21:47:50.384 [I] 本地数据集: local/right_arm_box_pick -> /share/0xyj/model3_openpi0.5/lerobot_dataset (train.py:422)
wandb: [wandb.login()] Loaded credentials for https://api.wandb.ai from WANDB_API_KEY.
wandb: Currently logged in as: 1459076239 (1459076239-111) to https://api.wandb.ai. Use `wandb login --relogin` to force relogin
wandb: setting up run ga6oxdoe
wandb: Tracking run with wandb version 0.25.1
wandb: Run data is saved locally in /share/0xyj/model3_openpi0.5/openpi-main/wandb/run-20260329_214752-ga6oxdoe
wandb: Run `wandb offline` to turn off syncing.
wandb: Syncing run right_arm_box_pick_v1
wandb: ⭐️ View project at https://wandb.ai/1459076239-111/pi0_right_arm
wandb: 🚀 View run at https://wandb.ai/1459076239-111/pi0_right_arm/runs/ga6oxdoe
21:47:55.132 [I] WandB run: https://wandb.ai/1459076239-111/pi0_right_arm/runs/ga6oxdoe (train.py:316)
21:47:55.199 [I] Loaded norm stats from /share/0xyj/model3_openpi0.5/openpi-main/assets/pi0_right_arm_pytorch/local/right_arm_box_pick (config.py:196)
21:47:55.201 [I] data_config: DataConfig(repo_id='local/right_arm_box_pick', asset_id='local/right_arm_box_pick', norm_stats={'state': NormStats(mean=array([ 1.27326596,  0.65767813, -1.25116122, -1.47907686, -0.3908022 ,
        0.74543566,  1.45302522,  0.32803413]), std=array([0.12190208, 0.21362343, 0.14658208, 0.21861626, 0.15475415,
       0.22495042, 0.15097259, 0.46948007]), q01=array([ 0.9790197 ,  0.13417393, -1.68204713, -1.795874  , -0.8020224 ,
       -0.02736851,  1.15285814,  0.        ]), q99=array([ 1.55023646,  1.01356506, -0.94732982, -0.77460158, -0.06457369,
        1.11265612,  1.76629055,  1.        ])), 'actions': NormStats(mean=array([-8.35342416e-06,  9.02039847e-06,  7.00588425e-05, -5.74508049e-05,
       -7.40017713e-05,  7.57096641e-05,  7.56182417e-05,  0.00000000e+00]), std=array([0.00387518, 0.00505277, 0.00293895, 0.0059589 , 0.00305642,
       0.00482239, 0.00425592, 0.07019126]), q01=array([-0.01003401, -0.0127933 , -0.0077318 , -0.01968556, -0.00734782,
       -0.01521927, -0.01120507,  0.        ]), q99=array([0.01245817, 0.01644099, 0.01036553, 0.01530305, 0.01136033,
       0.016249  , 0.01362925, 0.        ]))}, repack_transforms=Group(inputs=[RepackTransform(structure={'images': {'cam_high': 'observation.images.cam_high', 'cam_right_wrist': 'observation.images.cam_right_wrist', 'cam_left_wrist': 'observation.images.cam_left_wrist'}, 'state': 'observation.state', 'actions': 'action'})], outputs=[]), data_transforms=Group(inputs=(MyRobotInputs(image_keys=('cam_high', 'cam_right_wrist', 'cam_left_wrist')), DeltaActions(mask=(True, True, True, True, True, True, True, False))), outputs=(AbsoluteActions(mask=(True, True, True, True, True, True, True, False)), MyRobotOutputs())), model_transforms=Group(inputs=[InjectDefaultPrompt(prompt='the right arm picks up the box and places it back to its original position'), ResizeImages(height=224, width=224), TokenizePrompt(tokenizer=<openpi.models.tokenizer.PaligemmaTokenizer object at 0x7efc981d0a50>, discrete_state_input=False), PadStatesAndActions(model_action_dim=32)], outputs=()), use_quantile_norm=False, action_sequence_keys=('action',), prompt_from_task=False, rlds_data_dir=None, action_space=None, datasets=()) (data_loader.py:243)
[PATCH] 使用本地数据集: /share/0xyj/model3_openpi0.5/lerobot_dataset
[PATCH] 已 patch get_data_file_path/get_video_file_path (chunks_size=1000)
[PATCH] 已 patch load_metadata: 86 episodes，跳过 episodes_stats 读取
Downloading data:   0%|          | 0/86 [00:00<?, ?files/s]Downloading data: 100%|██████████| 86/86 [00:00<00:00, 319778.50files/s]
Generating train split: 0 examples [00:00, ? examples/s]Generating train split: 24661 examples [00:00, 244513.89 examples/s]Generating train split: 34911 examples [00:00, 242439.82 examples/s]
21:47:56.872 [I] local_batch_size: 8 (data_loader.py:324)
21:49:09.593 [I] Enabled gradient checkpointing for PI0Pytorch model (pi0_pytorch.py:134)
21:49:09.594 [I] Gradient checkpointing enabled (train.py:465)
21:49:09.594 [I] Loading weights: /share/0xyj/model3_openpi0.5/pi0_base/model.safetensors (train.py:476)
21:49:21.050 [I] Weights loaded: 3.50B params (train.py:479)
21:49:21.055 [I] Host: aibox-rbb2050829b6-9df9dc7db-wz6vj (train.py:506)
21:49:21.056 [I] GPU: NVIDIA A800-SXM4-80GB (85.2GB) (train.py:510)
21:49:21.056 [I] num_train_steps=50000, batch_size=8 (train.py:511)
21:49:21.056 [I] warmup=500, peak_lr=5.00e-05, decay=50000 (train.py:512)
21:49:21.056 [I] save_interval=2000, keep_period=10000 (train.py:513)
21:49:21.056 [I] WandB enabled: True (train.py:514)
Training:   0%|          | 0/50000 [00:00<?, ?it/s]Traceback (most recent call last):
  File "/share/0xyj/model3_openpi0.5/my_pi0_training/train.py", line 605, in <module>
    main(_config.cli())
  File "/share/0xyj/model3_openpi0.5/my_pi0_training/train.py", line 601, in main
    train_loop(config)
  File "/share/0xyj/model3_openpi0.5/my_pi0_training/train.py", line 522, in train_loop
    for observation, actions in loader:
  File "/share/0xyj/model3_openpi0.5/openpi-main/src/openpi/training/data_loader.py", line 539, in __iter__
    for batch in self._data_loader:
  File "/share/0xyj/model3_openpi0.5/openpi-main/src/openpi/training/data_loader.py", line 460, in __iter__
    batch = next(data_iter)
            ^^^^^^^^^^^^^^^
  File "/share/0xyj/model3_openpi0.5/openpi-main/.venv/lib/python3.11/site-packages/torch/utils/data/dataloader.py", line 733, in __next__
    data = self._next_data()
           ^^^^^^^^^^^^^^^^^
  File "/share/0xyj/model3_openpi0.5/openpi-main/.venv/lib/python3.11/site-packages/torch/utils/data/dataloader.py", line 1515, in _next_data
    return self._process_data(data, worker_id)
           ^^^^^^^^^^^^^^^^^^^^^^^^^^^^^^^^^^^
  File "/share/0xyj/model3_openpi0.5/openpi-main/.venv/lib/python3.11/site-packages/torch/utils/data/dataloader.py", line 1550, in _process_data
    data.reraise()
  File "/share/0xyj/model3_openpi0.5/openpi-main/.venv/lib/python3.11/site-packages/torch/_utils.py", line 750, in reraise
    raise exception
KeyError: Caught KeyError in DataLoader worker process 0.
Original Traceback (most recent call last):
  File "/share/0xyj/model3_openpi0.5/openpi-main/.venv/lib/python3.11/site-packages/torch/utils/data/_utils/worker.py", line 349, in _worker_loop
    data = fetcher.fetch(index)  # type: ignore[possibly-undefined]
           ^^^^^^^^^^^^^^^^^^^^
  File "/share/0xyj/model3_openpi0.5/openpi-main/.venv/lib/python3.11/site-packages/torch/utils/data/_utils/fetch.py", line 52, in fetch
    data = [self.dataset[idx] for idx in possibly_batched_index]
           ^^^^^^^^^^^^^^^^^^^^^^^^^^^^^^^^^^^^^^^^^^^^^^^^^^^^^
  File "/share/0xyj/model3_openpi0.5/openpi-main/.venv/lib/python3.11/site-packages/torch/utils/data/_utils/fetch.py", line 52, in <listcomp>
    data = [self.dataset[idx] for idx in possibly_batched_index]
            ~~~~~~~~~~~~^^^^^
  File "/share/0xyj/model3_openpi0.5/openpi-main/src/openpi/training/data_loader.py", line 59, in __getitem__
    return self._transform(self._dataset[index])
                           ~~~~~~~~~~~~~^^^^^^^
  File "/share/0xyj/model3_openpi0.5/openpi-main/.venv/lib/python3.11/site-packages/lerobot/common/datasets/lerobot_dataset.py", line 739, in __getitem__
    video_frames = self._query_videos(query_timestamps, ep_idx)
                   ^^^^^^^^^^^^^^^^^^^^^^^^^^^^^^^^^^^^^^^^^^^^
  File "/share/0xyj/model3_openpi0.5/openpi-main/.venv/lib/python3.11/site-packages/lerobot/common/datasets/lerobot_dataset.py", line 710, in _query_videos
    video_path = self.root / self.meta.get_video_file_path(ep_idx, vid_key)
                             ^^^^^^^^^^^^^^^^^^^^^^^^^^^^^^^^^^^^^^^^^^^^^^
  File "/share/0xyj/model3_openpi0.5/openpi-main/.venv/lib/python3.11/site-packages/lerobot/common/datasets/lerobot_dataset.py", line 142, in get_video_file_path
    fpath = self.video_path.format(episode_chunk=ep_chunk, video_key=vid_key, episode_index=ep_index)
            ^^^^^^^^^^^^^^^^^^^^^^^^^^^^^^^^^^^^^^^^^^^^^^^^^^^^^^^^^^^^^^^^^^^^^^^^^^^^^^^^^^^^^^^^^
KeyError: 'chunk_index'

[1;34mwandb[0m: 
[1;34mwandb[0m: 🚀 View run [33mright_arm_box_pick_v1[0m at: [34mhttps://wandb.ai/1459076239-111/pi0_right_arm/runs/ga6oxdoe[0m
[1;34mwandb[0m: Find logs at: [1;35mwandb/run-20260329_214752-ga6oxdoe/logs[0m
