W0413 13:59:18.139730 33993 torch/distributed/run.py:766] 
W0413 13:59:18.139730 33993 torch/distributed/run.py:766] *****************************************
W0413 13:59:18.139730 33993 torch/distributed/run.py:766] Setting OMP_NUM_THREADS environment variable for each process to be 1 in default, to avoid your system being overloaded, please further tune the variable for optimal performance in your application as needed. 
W0413 13:59:18.139730 33993 torch/distributed/run.py:766] *****************************************
[INFO] 已注册自定义配置: pi0_dual_arm_16d
[INFO] 已注册自定义配置: pi0_dual_arm_16d
13:59:34.388 [I] Created experiment checkpoint directory: /share/0xyj/model3_openpi0.5/openpi-main/checkpoints/pi0_dual_arm_16d/dual_arm_16d_v1 (34087:<string>:341)
13:59:34.558 [I] Overwriting checkpoint directory: /share/0xyj/model3_openpi0.5/openpi-main/checkpoints/pi0_dual_arm_16d/dual_arm_16d_v1 (34088:<string>:334)
13:59:34.560 [I] Created experiment checkpoint directory: /share/0xyj/model3_openpi0.5/openpi-main/checkpoints/pi0_dual_arm_16d/dual_arm_16d_v1 (34088:<string>:341)
13:59:34.560 [I] Using batch size per GPU: 0 (total batch size across 2 GPUs: 1)                  (34088:<string>:355)
wandb: [wandb.login()] Loaded credentials for https://api.wandb.ai from WANDB_API_KEY.
13:59:34.634 [I] Norm stats not found in /share/0xyj/model3_openpi0.5/openpi-main/assets/pi0_dual_arm_16d/local/dual_arm_16d, skipping. (34088:config.py:200)
13:59:34.635 [I] data_config: DataConfig(repo_id='local/dual_arm_16d', asset_id='local/dual_arm_16d', norm_stats=None, repack_transforms=Group(inputs=[RepackTransform(structure={'images': {'cam_high': 'observation.images.cam_high', 'cam_left_wrist': 'observation.images.cam_left_wrist', 'cam_right_wrist': 'observation.images.cam_right_wrist'}, 'state': 'observation.state', 'actions': 'action'})], outputs=[]), data_transforms=Group(inputs=(MyRobotInputs(image_keys=('cam_high', 'cam_left_wrist', 'cam_right_wrist')), DeltaActions(mask=(True, True, True, True, True, True, True, True, True, True, True, True, True, True, False))), outputs=(AbsoluteActions(mask=(True, True, True, True, True, True, True, True, True, True, True, True, True, True, False)), MyRobotOutputs())), model_transforms=Group(inputs=[InjectDefaultPrompt(prompt='dual arm pick and place task'), ResizeImages(height=224, width=224), TokenizePrompt(tokenizer=<openpi.models.tokenizer.PaligemmaTokenizer object at 0x7f1def305090>, discrete_state_input=False), PadStatesAndActions(model_action_dim=32)], outputs=()), use_quantile_norm=False, action_sequence_keys=('action',), prompt_from_task=False, rlds_data_dir=None, action_space=None, datasets=()) (34088:data_loader.py:296)
13:59:34.638 [W] 
The dataset you requested (local/dual_arm_16d) is in 3.0 format.
While current version of LeRobot is backward-compatible with it, the version of your dataset still uses global
stats instead of per-episode stats. Update your dataset stats to the new format using this command:
```
python lerobot/common/datasets/v21/convert_dataset_v20_to_v21.py --repo-id=local/dual_arm_16d
```

If you encounter a problem, contact LeRobot maintainers on [Discord](https://discord.com/invite/s3KuuzsPFb)
or open an [issue on GitHub](https://github.com/huggingface/lerobot/issues/new/choose).
 (34088:utils.py:303)
13:59:34.646 [W] 
The dataset you requested (local/dual_arm_16d) is in 3.0 format.
While current version of LeRobot is backward-compatible with it, the version of your dataset still uses global
stats instead of per-episode stats. Update your dataset stats to the new format using this command:
```
python lerobot/common/datasets/v21/convert_dataset_v20_to_v21.py --repo-id=local/dual_arm_16d
```

If you encounter a problem, contact LeRobot maintainers on [Discord](https://discord.com/invite/s3KuuzsPFb)
or open an [issue on GitHub](https://github.com/huggingface/lerobot/issues/new/choose).
 (34088:utils.py:303)
[rank1]: Traceback (most recent call last):
[rank1]:   File "/share/0xyj/model3_openpi0.5/openpi-main/train_wrapper.py", line 28, in <module>
[rank1]:     exec(open(_original_script).read())
[rank1]:   File "<string>", line 660, in <module>
[rank1]:   File "<string>", line 656, in main
[rank1]:   File "<string>", line 360, in train_loop
[rank1]:   File "<string>", line 128, in build_datasets
[rank1]:   File "/share/0xyj/model3_openpi0.5/openpi-main/src/openpi/training/data_loader.py", line 309, in create_data_loader
[rank1]:     return create_torch_data_loader(
[rank1]:            ^^^^^^^^^^^^^^^^^^^^^^^^^
[rank1]:   File "/share/0xyj/model3_openpi0.5/openpi-main/src/openpi/training/data_loader.py", line 355, in create_torch_data_loader
[rank1]:     dataset = create_torch_dataset(data_config, action_horizon, model_config)
[rank1]:               ^^^^^^^^^^^^^^^^^^^^^^^^^^^^^^^^^^^^^^^^^^^^^^^^^^^^^^^^^^^^^^^
[rank1]:   File "/share/0xyj/model3_openpi0.5/openpi-main/src/openpi/training/data_loader.py", line 199, in create_torch_dataset
[rank1]:     dataset = lerobot_dataset.LeRobotDataset(**dataset_kwargs)
[rank1]:               ^^^^^^^^^^^^^^^^^^^^^^^^^^^^^^^^^^^^^^^^^^^^^^^^
[rank1]:   File "/share/0xyj/model3_openpi0.5/openpi-main/.venv/lib/python3.11/site-packages/lerobot/common/datasets/lerobot_dataset.py", line 498, in __init__
[rank1]:     assert all((self.root / fpath).is_file() for fpath in self.get_episodes_file_paths())
[rank1]:                                                           ^^^^^^^^^^^^^^^^^^^^^^^^^^^^^^
[rank1]:   File "/share/0xyj/model3_openpi0.5/openpi-main/.venv/lib/python3.11/site-packages/lerobot/common/datasets/lerobot_dataset.py", line 605, in get_episodes_file_paths
[rank1]:     fpaths = [str(self.meta.get_data_file_path(ep_idx)) for ep_idx in episodes]
[rank1]:              ^^^^^^^^^^^^^^^^^^^^^^^^^^^^^^^^^^^^^^^^^^^^^^^^^^^^^^^^^^^^^^^^^^
[rank1]:   File "/share/0xyj/model3_openpi0.5/openpi-main/.venv/lib/python3.11/site-packages/lerobot/common/datasets/lerobot_dataset.py", line 605, in <listcomp>
[rank1]:     fpaths = [str(self.meta.get_data_file_path(ep_idx)) for ep_idx in episodes]
[rank1]:                   ^^^^^^^^^^^^^^^^^^^^^^^^^^^^^^^^^^^^
[rank1]:   File "/share/0xyj/model3_openpi0.5/openpi-main/.venv/lib/python3.11/site-packages/lerobot/common/datasets/lerobot_dataset.py", line 137, in get_data_file_path
[rank1]:     fpath = self.data_path.format(episode_chunk=ep_chunk, episode_index=ep_index)
[rank1]:             ^^^^^^^^^^^^^^^^^^^^^^^^^^^^^^^^^^^^^^^^^^^^^^^^^^^^^^^^^^^^^^^^^^^^^
[rank1]: KeyError: 'chunk_index'
W0413 13:59:35.763734 33993 torch/distributed/elastic/multiprocessing/api.py:900] Sending process 34087 closing signal SIGTERM
E0413 13:59:35.977767 33993 torch/distributed/elastic/multiprocessing/api.py:874] failed (exitcode: 1) local_rank: 1 (pid: 34088) of binary: /share/0xyj/model3_openpi0.5/openpi-main/.venv/bin/python3
Traceback (most recent call last):
  File "/share/0xyj/model3_openpi0.5/openpi-main/.venv/bin/torchrun", line 10, in <module>
    sys.exit(main())
             ^^^^^^
  File "/share/0xyj/model3_openpi0.5/openpi-main/.venv/lib/python3.11/site-packages/torch/distributed/elastic/multiprocessing/errors/__init__.py", line 355, in wrapper
    return f(*args, **kwargs)
           ^^^^^^^^^^^^^^^^^^
  File "/share/0xyj/model3_openpi0.5/openpi-main/.venv/lib/python3.11/site-packages/torch/distributed/run.py", line 892, in main
    run(args)
  File "/share/0xyj/model3_openpi0.5/openpi-main/.venv/lib/python3.11/site-packages/torch/distributed/run.py", line 883, in run
    elastic_launch(
  File "/share/0xyj/model3_openpi0.5/openpi-main/.venv/lib/python3.11/site-packages/torch/distributed/launcher/api.py", line 139, in __call__
    return launch_agent(self._config, self._entrypoint, list(args))
           ^^^^^^^^^^^^^^^^^^^^^^^^^^^^^^^^^^^^^^^^^^^^^^^^^^^^^^^^
  File "/share/0xyj/model3_openpi0.5/openpi-main/.venv/lib/python3.11/site-packages/torch/distributed/launcher/api.py", line 270, in launch_agent
    raise ChildFailedError(
torch.distributed.elastic.multiprocessing.errors.ChildFailedError: 
============================================================
/share/0xyj/model3_openpi0.5/openpi-main/train_wrapper.py FAILED
------------------------------------------------------------
Failures:
  <NO_OTHER_FAILURES>
------------------------------------------------------------
Root Cause (first observed failure):
[0]:
  time      : 2026-04-13_13:59:35
  host      : aibox-r856a9e5fed8-c686cc64b-vh57t
  rank      : 1 (local_rank: 1)
  exitcode  : 1 (pid: 34088)
  error_file: <N/A>
  traceback : To enable traceback see: https://pytorch.org/docs/stable/elastic/errors.html
============================================================
