W0413 14:01:30.053074 34440 torch/distributed/run.py:766] 
W0413 14:01:30.053074 34440 torch/distributed/run.py:766] *****************************************
W0413 14:01:30.053074 34440 torch/distributed/run.py:766] Setting OMP_NUM_THREADS environment variable for each process to be 1 in default, to avoid your system being overloaded, please further tune the variable for optimal performance in your application as needed. 
W0413 14:01:30.053074 34440 torch/distributed/run.py:766] *****************************************
[PATCH] lerobot_dataset 已修复：支持旧版数据路径格式
[PATCH] lerobot_dataset 已修复：支持旧版数据路径格式
[INFO] 已注册自定义配置: pi0_dual_arm_16d
[INFO] 已注册自定义配置: pi0_dual_arm_16d
14:01:46.248 [I] Overwriting checkpoint directory: /share/0xyj/model3_openpi0.5/openpi-main/checkpoints/pi0_dual_arm_16d/dual_arm_16d_v1 (34536:<string>:334)
14:01:46.251 [I] Created experiment checkpoint directory: /share/0xyj/model3_openpi0.5/openpi-main/checkpoints/pi0_dual_arm_16d/dual_arm_16d_v1 (34536:<string>:341)
14:01:46.283 [I] Overwriting checkpoint directory: /share/0xyj/model3_openpi0.5/openpi-main/checkpoints/pi0_dual_arm_16d/dual_arm_16d_v1 (34537:<string>:334)
14:01:46.285 [I] Created experiment checkpoint directory: /share/0xyj/model3_openpi0.5/openpi-main/checkpoints/pi0_dual_arm_16d/dual_arm_16d_v1 (34537:<string>:341)
14:01:46.286 [I] Using batch size per GPU: 0 (total batch size across 2 GPUs: 1)                  (34537:<string>:355)
14:01:46.353 [I] Norm stats not found in /share/0xyj/model3_openpi0.5/openpi-main/assets/pi0_dual_arm_16d/local/dual_arm_16d, skipping. (34537:config.py:200)
14:01:46.353 [I] data_config: DataConfig(repo_id='local/dual_arm_16d', asset_id='local/dual_arm_16d', norm_stats=None, repack_transforms=Group(inputs=[RepackTransform(structure={'images': {'cam_high': 'observation.images.cam_high', 'cam_left_wrist': 'observation.images.cam_left_wrist', 'cam_right_wrist': 'observation.images.cam_right_wrist'}, 'state': 'observation.state', 'actions': 'action'})], outputs=[]), data_transforms=Group(inputs=(MyRobotInputs(image_keys=('cam_high', 'cam_left_wrist', 'cam_right_wrist')), DeltaActions(mask=(True, True, True, True, True, True, True, True, True, True, True, True, True, True, False))), outputs=(AbsoluteActions(mask=(True, True, True, True, True, True, True, True, True, True, True, True, True, True, False)), MyRobotOutputs())), model_transforms=Group(inputs=[InjectDefaultPrompt(prompt='dual arm pick and place task'), ResizeImages(height=224, width=224), TokenizePrompt(tokenizer=<openpi.models.tokenizer.PaligemmaTokenizer object at 0x7fb0c75f0490>, discrete_state_input=False), PadStatesAndActions(model_action_dim=32)], outputs=()), use_quantile_norm=False, action_sequence_keys=('action',), prompt_from_task=False, rlds_data_dir=None, action_space=None, datasets=()) (34537:data_loader.py:296)
14:01:46.356 [W] 
The dataset you requested (local/dual_arm_16d) is in 3.0 format.
While current version of LeRobot is backward-compatible with it, the version of your dataset still uses global
stats instead of per-episode stats. Update your dataset stats to the new format using this command:
```
python lerobot/common/datasets/v21/convert_dataset_v20_to_v21.py --repo-id=local/dual_arm_16d
```

If you encounter a problem, contact LeRobot maintainers on [Discord](https://discord.com/invite/s3KuuzsPFb)
or open an [issue on GitHub](https://github.com/huggingface/lerobot/issues/new/choose).
 (34537:utils.py:303)
14:01:46.362 [W] 
The dataset you requested (local/dual_arm_16d) is in 3.0 format.
While current version of LeRobot is backward-compatible with it, the version of your dataset still uses global
stats instead of per-episode stats. Update your dataset stats to the new format using this command:
```
python lerobot/common/datasets/v21/convert_dataset_v20_to_v21.py --repo-id=local/dual_arm_16d
```

If you encounter a problem, contact LeRobot maintainers on [Discord](https://discord.com/invite/s3KuuzsPFb)
or open an [issue on GitHub](https://github.com/huggingface/lerobot/issues/new/choose).
 (34537:utils.py:303)
wandb: [wandb.login()] Loaded credentials for https://api.wandb.ai from WANDB_API_KEY.
/share/0xyj/model3_openpi0.5/openpi-main/.venv/lib/python3.11/site-packages/lerobot/common/datasets/lerobot_dataset.py:508: UserWarning: To copy construct from a tensor, it is recommended to use sourceTensor.detach().clone() or sourceTensor.detach().clone().requires_grad_(True), rather than torch.tensor(sourceTensor).
  timestamps = torch.tensor(self.hf_dataset.data["timestamp"].to_pylist()) if hasattr(self.hf_dataset.data, "timestamp") else torch.stack([torch.tensor(x) for x in self.hf_dataset["timestamp"]]).numpy()
[rank1]: Traceback (most recent call last):
[rank1]:   File "/share/0xyj/model3_openpi0.5/openpi-main/train_wrapper.py", line 69, in <module>
[rank1]:     exec(open(_original_script).read())
[rank1]:   File "<string>", line 660, in <module>
[rank1]:   File "<string>", line 656, in main
[rank1]:   File "<string>", line 360, in train_loop
[rank1]:   File "<string>", line 128, in build_datasets
[rank1]:   File "/share/0xyj/model3_openpi0.5/openpi-main/src/openpi/training/data_loader.py", line 309, in create_data_loader
[rank1]:     return create_torch_data_loader(
[rank1]:            ^^^^^^^^^^^^^^^^^^^^^^^^^
[rank1]:   File "/share/0xyj/model3_openpi0.5/openpi-main/src/openpi/training/data_loader.py", line 356, in create_torch_data_loader
[rank1]:     dataset = transform_dataset(dataset, data_config, skip_norm_stats=skip_norm_stats)
[rank1]:               ^^^^^^^^^^^^^^^^^^^^^^^^^^^^^^^^^^^^^^^^^^^^^^^^^^^^^^^^^^^^^^^^^^^^^^^^
[rank1]:   File "/share/0xyj/model3_openpi0.5/openpi-main/src/openpi/training/data_loader.py", line 230, in transform_dataset
[rank1]:     raise ValueError(
[rank1]: ValueError: Normalization stats not found. Make sure to run `scripts/compute_norm_stats.py --config-name=<your-config>`.
wandb: W&B API key is configured. Use `wandb login --relogin` to force relogin
W0413 14:01:52.450258 34440 torch/distributed/elastic/multiprocessing/api.py:900] Sending process 34536 closing signal SIGTERM
E0413 14:01:52.664650 34440 torch/distributed/elastic/multiprocessing/api.py:874] failed (exitcode: 1) local_rank: 1 (pid: 34537) of binary: /share/0xyj/model3_openpi0.5/openpi-main/.venv/bin/python3
Traceback (most recent call last):
  File "/share/0xyj/model3_openpi0.5/openpi-main/.venv/bin/torchrun", line 10, in <module>
    sys.exit(main())
             ^^^^^^
  File "/share/0xyj/model3_openpi0.5/openpi-main/.venv/lib/python3.11/site-packages/torch/distributed/elastic/multiprocessing/errors/__init__.py", line 355, in wrapper
    return f(*args, **kwargs)
           ^^^^^^^^^^^^^^^^^^
  File "/share/0xyj/model3_openpi0.5/openpi-main/.venv/lib/python3.11/site-packages/torch/distributed/run.py", line 892, in main
    run(args)
  File "/share/0xyj/model3_openpi0.5/openpi-main/.venv/lib/python3.11/site-packages/torch/distributed/run.py", line 883, in run
    elastic_launch(
  File "/share/0xyj/model3_openpi0.5/openpi-main/.venv/lib/python3.11/site-packages/torch/distributed/launcher/api.py", line 139, in __call__
    return launch_agent(self._config, self._entrypoint, list(args))
           ^^^^^^^^^^^^^^^^^^^^^^^^^^^^^^^^^^^^^^^^^^^^^^^^^^^^^^^^
  File "/share/0xyj/model3_openpi0.5/openpi-main/.venv/lib/python3.11/site-packages/torch/distributed/launcher/api.py", line 270, in launch_agent
    raise ChildFailedError(
torch.distributed.elastic.multiprocessing.errors.ChildFailedError: 
============================================================
/share/0xyj/model3_openpi0.5/openpi-main/train_wrapper.py FAILED
------------------------------------------------------------
Failures:
  <NO_OTHER_FAILURES>
------------------------------------------------------------
Root Cause (first observed failure):
[0]:
  time      : 2026-04-13_14:01:52
  host      : aibox-r856a9e5fed8-c686cc64b-vh57t
  rank      : 1 (local_rank: 1)
  exitcode  : 1 (pid: 34537)
  error_file: <N/A>
  traceback : To enable traceback see: https://pytorch.org/docs/stable/elastic/errors.html
============================================================
